[backblue.gif]
[fade.gif]
[index.html]
[10.10.10.10/index.html]
[10.10.10.10/users/commonpages/js/jquery.js]
[10.10.10.10/users/commonpages/js/bootstrap.min.js]
[10.10.10.10/users/commonpages/js/index.js]
[10.10.10.10/users/commonpages/js/DS_validate.js]
[10.10.10.10/users/commonpages/DSUserProcessLogind41d.php]
[10.10.10.10/users/index.html]
[10.10.10.10/users/commonpages/css/fonts/DeltaSIBe3f3.eot]
[10.10.10.10/users/commonpages/css/fonts/DeltaSIBe3f3.ttf]
[10.10.10.10/users/commonpages/css/fonts/DeltaSIBe3f3.woff]
[10.10.10.10/users/commonpages/css/DeltaSIBIcons/Icons.css]
[10.10.10.10/users/commonpages/css/bootstrap.rtl.min.css]
[10.10.10.10/users/commonpages/css/style.css]
[10.10.10.10/users/commonpages/css/fonts/Byekan/BYekan.eot]
[10.10.10.10/users/commonpages/css/fonts/Byekan/BYekand41d.eot]
[10.10.10.10/users/commonpages/css/fonts/Byekan/BYekan.woff]
[10.10.10.10/users/commonpages/css/fonts/Byekan/BYekan.ttf]
[10.10.10.10/users/commonpages/css/BYekan.css]
[10.10.10.10/users/computer/images/BG.jpg]
[10.10.10.10/users/computer/images/DS_Shadow.png]
[10.10.10.10/users/mobile/images/logo.png]
[10.10.10.10/users/computer/images/Banks.png]
[10.10.10.10/users/computer/css/DS_computer_style.css]
[10.10.10.10/users/computer/images/DS_MenuSeprator.png]
[10.10.10.10/users/computer/css/DS_fa_style.css]
[10.10.10.10/users/DS_MyInternet.html]
[10.10.10.10/users/DS_Home.html]
[10.10.10.10/users/commonpages/css/fonts/DeltaSIBe3f3.svg]
[10.10.10.10/users/commonpages/fonts/glyphicons-halflings-regular.html]
[10.10.10.10/users/commonpages/fonts/glyphicons-halflings-regulard41d.html]
[10.10.10.10/users/commonpages/fonts/glyphicons-halflings-regular-2.html]
[10.10.10.10/users/commonpages/fonts/glyphicons-halflings-regular-3.html]
[10.10.10.10/users/commonpages/fonts/glyphicons-halflings-regular-4.html]
